+++++++++++++++++++++
Thread: 0 Thread: 1 Address: 0x1e4e010 W-R  1*1

