IMG name : /home/luopeng/Experiment/Experiments/Paper5/WCO/test/w-w Address: 140139553800192
IMG name : /lib64/ld-linux-x86-64.so.2 Address: 140139553648640
IMG name : /lib64/libpthread.so.0 Address: 140139536859136
IMG name : /lib64/libstdc++.so.6 Address: 140139536003072
IMG name : /lib64/libm.so.6 Address: 140139534278656
IMG name : /lib64/libgcc_s.so.1 Address: 140139536809984
IMG name : /lib64/libc.so.6 Address: 140139533307904
main
Memory Size: 48
Thread Number: 1
Warnings: 0
Count of Analysis: 0
Concurrent Frames: 0
Memory Size: 68
Thread Number: 1
Warnings: 0
Count of Analysis: 0
Concurrent Frames: 0
MALLOC->/lib64/libc.so.6
Thread 0 Malloc address 31776784 Size 4
Memory Size: 88
Thread Number: 1
Warnings: 0
Count of Analysis: 0
Concurrent Frames: 0
Memory Size: 276
Thread Number: 1
Warnings: 0
Count of Analysis: 0
Concurrent Frames: 0
Memory Size: 440
Thread Number: 2
Warnings: 0
Count of Analysis: 0
Concurrent Frames: 0
Memory Size: 480
Thread Number: 2
Warnings: 0
Count of Analysis: 0
Concurrent Frames: 0
Memory Size: 544
Thread Number: 2
Warnings: 0
Count of Analysis: 3
Concurrent Frames: 2
Memory Size: 608
Thread Number: 2
Warnings: 0
Count of Analysis: 6
Concurrent Frames: 3
Memory Size: 640
Thread Number: 2
Warnings: 1
Count of Analysis: 9
Concurrent Frames: 5
Memory Size: 712
Thread Number: 2
Warnings: 1
Count of Analysis: 12
Concurrent Frames: 8
Memory Size: 744
Thread Number: 2
Warnings: 1
Count of Analysis: 13
Concurrent Frames: 8
Memory Size: 776
Thread Number: 2
Warnings: 1
Count of Analysis: 14
Concurrent Frames: 8
****************
Memory Size: 808
Thread Number: 2
Warnings: 1
Count of Analysis: 15
Concurrent Frames: 8
Race count: 1
