1 0 0
4 0 0x7f74db838908
5 0 0x7f74db838908
13 0 0
11 0 0x1e4e050
11 0 0x1e4e058
11 0 0x1e4e060
11 0 0x1e4e068
11 0 0x1e4e040
4 0 0x6021e0
1 1 0
11 0 0x1e4e010
5 0 0x6021e0
4 1 0x6021e0
11 1 0x1e4e010
5 1 0x6021e0
10 1 0x1e4e010
2 1 0
3 0 0x1
11 0 0x1e4e010
4 0 0x7f74db838908
5 0 0x7f74db838908
2 0 0
