1 0 0
*0*   0:1$
*0*   0:2$
*0*   0:3$
13 0 0
*0*   0:4$
*0*   0:5$
1 1 0
*1*   0:4$1:1$
*0*   0:6$1:0$
*1*   0:4$1:2$
*1*   0:4$1:3$
2 1 0
*1*   0:4$1:4$
3 0 0x1
*0*   0:7$1:5$
*0*   0:8$1:5$
*0*   0:9$1:5$
2 0 0
*0*   0:10$1:5$

*********************************

------------ 0 ------------
0:1$1:0$  >>> FirstFrame
0:2$1:0$  >>> MutexLock
0:3$1:0$  >>> MutexUnlock
0:4$1:0$  >>> ThreadCreate
0:5$1:0$  >>> MutexLock
0:6$1:0$  >>> MutexUnlock
0:7$1:5$  >>> ThreadJoin
0:8$1:5$  >>> MutexLock
0:9$1:5$  >>> MutexUnlock
0:10$1:5$  >>> ThreadFini

------------ 1 ------------
0:4$1:1$  >>> FirstFrame
0:4$1:2$  >>> MutexLock
0:4$1:3$  >>> MutexUnlock
0:4$1:4$  >>> ThreadFini
